// Jest Snapshot v1, https://goo.gl/fbAQLP

exports[`Header Component renders website header 1`] = `
<div>
  <div
    class="row-span-2 flex justify-center content-center bg-yellow-400 text-neutral-900 relative"
  >
    <h1
      class="text-4xl font-bold mt-auto mb-auto"
    >
      X-Men Memory
    </h1>
  </div>
</div>
`;
